<?xml version="1.0" encoding="utf-8"?><testsuites name="pytest tests"><testsuite name="pytest" errors="0" failures="0" skipped="0" tests="96" time="0.443" timestamp="2026-05-18T17:19:16.318528+02:00" hostname="Jonathans-MacBook-Pro.local"><testcase classname="tests.test_daemon.TestDaemonInit" name="test_init_creates_pyaudio" time="0.001" /><testcase classname="tests.test_daemon.TestStartStopStream" name="test_start_stream_opens_audio" time="0.052" /><testcase classname="tests.test_daemon.TestStartStopStream" name="test_stop_stream_closes" time="0.001" /><testcase classname="tests.test_daemon.TestStartStopStream" name="test_stop_stream_when_no_stream" time="0.000" /><testcase classname="tests.test_daemon.TestRmsEnergy" name="test_empty_data" time="0.001" /><testcase classname="tests.test_daemon.TestRmsEnergy" name="test_single_byte" time="0.000" /><testcase classname="tests.test_daemon.TestRmsEnergy" name="test_zero_audio" time="0.001" /><testcase classname="tests.test_daemon.TestRmsEnergy" name="test_positive_audio" time="0.000" /><testcase classname="tests.test_daemon.TestRmsEnergy" name="test_varying_audio" time="0.000" /><testcase classname="tests.test_daemon.TestRmsEnergy" name="test_odd_length_data" time="0.000" /><testcase classname="tests.test_daemon.TestRmsEnergy" name="test_large_amplitude" time="0.001" /><testcase classname="tests.test_daemon.TestPromptActivity" name="test_morning_context" time="0.001" /><testcase classname="tests.test_daemon.TestPromptActivity" name="test_meeting_ended_context" time="0.001" /><testcase classname="tests.test_daemon.TestPromptActivity" name="test_default_context" time="0.001" /><testcase classname="tests.test_daemon.TestPromptActivity" name="test_empty_response_returns_unknown" time="0.000" /><testcase classname="tests.test_daemon.TestPromptActivity" name="test_unknown_context_falls_back" time="0.000" /><testcase classname="tests.test_daemon.TestLogEntry" name="test_no_current_activity_does_nothing" time="0.006" /><testcase classname="tests.test_daemon.TestLogEntry" name="test_logs_entry_correctly" time="0.005" /><testcase classname="tests.test_daemon.TestLogEntry" name="test_appends_to_existing_entries" time="0.002" /><testcase classname="tests.test_daemon.TestFormat" name="test_fmt_zero" time="0.000" /><testcase classname="tests.test_daemon.TestFormat" name="test_fmt_hours" time="0.000" /><testcase classname="tests.test_daemon.TestFormat" name="test_fmt_complex" time="0.000" /><testcase classname="tests.test_daemon.TestWellnessTip" name="test_returns_string" time="0.000" /><testcase classname="tests.test_daemon.TestWellnessTip" name="test_returns_different_tips" time="0.000" /><testcase classname="tests.test_daemon.TestPeriodicCheckin" name="test_prompt_shows_current_activity" time="0.003" /><testcase classname="tests.test_daemon.TestPeriodicCheckin" name="test_new_task_logs_previous" time="0.003" /><testcase classname="tests.test_daemon.TestPeriodicCheckin" name="test_empty_prompt_continues" time="0.001" /><testcase classname="tests.test_daemon.TestCheckMic" name="test_mic_available" time="0.001" /><testcase classname="tests.test_daemon.TestCheckMic" name="test_mic_unavailable" time="0.002" /><testcase classname="tests.test_daemon.TestCheckMic" name="test_mic_unavailable_lists_devices" time="0.001" /><testcase classname="tests.test_daemon.TestMonitorLoop" name="test_monitor_stops_when_running_false" time="0.002" /><testcase classname="tests.test_daemon.TestMonitorLoop" name="test_stream_read_error_continues" time="0.001" /><testcase classname="tests.test_daemon.TestMonitorLoop" name="test_speech_detection_updates_timers" time="0.001" /><testcase classname="tests.test_daemon.TestMonitorLoop" name="test_silence_detection_starts_timer" time="0.001" /><testcase classname="tests.test_daemon.TestDaemonCli" name="test_check_mic_success" time="0.002" /><testcase classname="tests.test_daemon.TestDaemonCli" name="test_check_mic_failure" time="0.001" /><testcase classname="tests.test_daemon.TestDaemonCli" name="test_status_no_state_file" time="0.001" /><testcase classname="tests.test_daemon.TestDaemonCli" name="test_status_shows_state" time="0.001" /><testcase classname="tests.test_daemon.TestDaemonCli" name="test_daemon_help" time="0.001" /><testcase classname="tests.test_daemon.TestRun" name="test_run_starts_and_stops" time="0.003" /><testcase classname="tests.test_daemon.TestDaemonStartCli" name="test_start_exits_on_mic_failure" time="0.002" /><testcase classname="tests.test_daemon.TestMainBlock" name="test_daemon_main_block" time="0.000" /><testcase classname="tests.test_daemon.TestHeadlessMode" name="test_run_headless_sets_flag_and_activity" time="0.002" /><testcase classname="tests.test_daemon.TestHeadlessMode" name="test_periodic_checkin_headless_bypasses_prompt" time="0.002" /><testcase classname="tests.test_daemon.TestHeadlessMode" name="test_silence_headless_bypasses_prompt" time="0.002" /><testcase classname="tests.test_main" name="test_load_returns_empty_when_no_file" time="0.001" /><testcase classname="tests.test_main" name="test_load_returns_entries" time="0.001" /><testcase classname="tests.test_main" name="test_save_creates_directory" time="0.001" /><testcase classname="tests.test_main" name="test_save_overwrites_existing" time="0.001" /><testcase classname="tests.test_main" name="test_load_active_returns_none_when_no_file" time="0.001" /><testcase classname="tests.test_main" name="test_load_active_returns_entry" time="0.002" /><testcase classname="tests.test_main" name="test_save_active_creates_file" time="0.001" /><testcase classname="tests.test_main" name="test_clear_active_removes_file" time="0.002" /><testcase classname="tests.test_main" name="test_clear_active_noop_when_no_file" time="0.001" /><testcase classname="tests.test_main" name="test_active_path" time="0.000" /><testcase classname="tests.test_main" name="test_fmt_zero" time="0.000" /><testcase classname="tests.test_main" name="test_fmt_exact_hours" time="0.000" /><testcase classname="tests.test_main" name="test_fmt_exact_minutes" time="0.000" /><testcase classname="tests.test_main" name="test_fmt_seconds" time="0.000" /><testcase classname="tests.test_main" name="test_fmt_large" time="0.000" /><testcase classname="tests.test_main" name="test_fmt_rounds_down" time="0.000" /><testcase classname="tests.test_main" name="test_fmt_negative" time="0.000" /><testcase classname="tests.test_main" name="test_start_tracks" time="0.028" /><testcase classname="tests.test_main" name="test_start_with_task" time="0.004" /><testcase classname="tests.test_main" name="test_start_warns_already_tracking" time="0.002" /><testcase classname="tests.test_main" name="test_stop_warns_nothing_tracking" time="0.002" /><testcase classname="tests.test_main" name="test_stop_logs_entry" time="0.004" /><testcase classname="tests.test_main" name="test_stop_preserves_task" time="0.005" /><testcase classname="tests.test_main" name="test_stop_calculates_seconds" time="0.004" /><testcase classname="tests.test_main" name="test_now_shows_nothing_when_idle" time="0.002" /><testcase classname="tests.test_main" name="test_now_shows_active" time="0.004" /><testcase classname="tests.test_main" name="test_log_shows_no_entries" time="0.003" /><testcase classname="tests.test_main" name="test_log_defaults_to_today" time="0.006" /><testcase classname="tests.test_main" name="test_log_week_flag" time="0.005" /><testcase classname="tests.test_main" name="test_log_all_flag" time="0.005" /><testcase classname="tests.test_main" name="test_log_no_entries_for_period" time="0.003" /><testcase classname="tests.test_main" name="test_log_all_with_flag" time="0.003" /><testcase classname="tests.test_main" name="test_report_no_entries" time="0.003" /><testcase classname="tests.test_main" name="test_report_all_projects" time="0.006" /><testcase classname="tests.test_main" name="test_report_filter_by_project" time="0.005" /><testcase classname="tests.test_main" name="test_report_shows_today_and_week" time="0.006" /><testcase classname="tests.test_main" name="test_export_no_entries" time="0.004" /><testcase classname="tests.test_main" name="test_export_csv" time="0.002" /><testcase classname="tests.test_main" name="test_export_json" time="0.002" /><testcase classname="tests.test_main" name="test_export_to_file" time="0.002" /><testcase classname="tests.test_main" name="test_export_to_file_json" time="0.002" /><testcase classname="tests.test_main" name="test_elapsed_positive" time="0.003" /><testcase classname="tests.test_main" name="test_elapsed_zero" time="0.003" /><testcase classname="tests.test_main" name="test_elapsed_with_zulu_replaces_correctly" time="0.000" /><testcase classname="tests.test_main" name="test_elapsed_negative" time="0.003" /><testcase classname="tests.test_main" name="test_start_with_no_project_shows_error" time="0.001" /><testcase classname="tests.test_main" name="test_cli_help_shows_commands" time="0.001" /><testcase classname="tests.test_main" name="test_log_with_colon_start_today_default" time="0.005" /><testcase classname="tests.test_main" name="test_log_week_calculates_correctly" time="0.005" /><testcase classname="tests.test_main" name="test_log_week_excludes_previous_week" time="0.004" /><testcase classname="tests.test_main" name="test_report_sorts_by_total_descending" time="0.005" /></testsuite></testsuites>